!exclamation
#sharp
%percent
&ampersand
'quote
_underbar
`backquote
~tilde
\backslash
/slash
*asterisk
.dot
+plus
?question
|bar
{braces}
{left_brace
}right_brace
(paren)
(left_paren
)right_paren
[brackets]
[left_bracket
]right_bracket
^caret
$dollar
-hyphen
>greaterthan
<lessthan
:colon
;semicolon
,comma
"double quote
 space
